MXM verify (static)

retired source cleanup: nothing to remove
OK   Retired-source cleanup — exit 0
OK   TS/TSX parser — 187 files
OK   Local import scan — 187 source files
OK   CSS brace balance — 1031 open / 1031 close
OK   API routes discovered — 81 files / 99 handlers
OK   All exported API handlers use withApiErrors
OK   No raw server/database errors are exposed
OK   API responses carry correlation IDs
OK   Database schema errors use a stable code
OK   Production error detail is hidden

API CONTRACT AUDIT PASSED (6 checks)
OK   API contract audit — exit 0
MXM release gate

OK   Migration 017 present
OK   Migration 018 present
OK   Migration 019 present
OK   Migration 020 v0.45 present
OK   Migration 021 v0.46 present
OK   Migration 022 v0.47 present
OK   Migration 023 v0.48 present
OK   Migration 024 v0.49 present
OK   Migration 025 v0.50 present
OK   Migration 026 v0.56 present
OK   Migration 027 present — 027_market_economy_2.sql
OK   Migration 028 advertising teardown present
OK   Migration 029 scalable market present
OK   Migration 9994 player market handoff present
OK   Migration 9995 player-only consistency present
OK   Migration 9996 resilient Gift sync present
OK   Migration 9997 Telegram channel task present
OK   Migration 9998 player UI copy cleanup present
OK   Migration 99999 store/battle-pass/cases v0.63 present
OK   Migration 100000 case runtime hotfix v0.63.1 present
OK   v0.64.9 package version
OK   Migration 100003 Orders runtime compatibility present
OK   v0.64.8 Orders tolerates missing seller denormalization
OK   v0.63.1 case RPC is self-healing
OK   v0.63.1 case errors are observable
OK   v0.63.1 keeps retired games disabled
OK   Migration 100001 progression v0.64 present
OK   v0.64 progression primitives present
OK   v0.64.2 cases roulette can skip safely
OK   v0.64.2 battle pass uses compact horizontal track
OK   v0.64.2 store explains unavailable actions
OK   v0.64.2 profile frames use shaped silhouettes
OK   v0.64.2 profile has achievement showcase
OK   v0.64.2 achievements are filterable
OK   v0.64.2 daily streak remains server-backed
OK   v0.64.2 collection book links missing items to market
OK   v0.64.2 market restores UI state
OK   v0.64.2 memecoin trade has confirmed-state notice
OK   v0.64.2 tasks support claim-all + live refresh
OK   v0.64.2 leaderboard renders frames + own rank
OK   v0.64.2 portfolio persists tabs and sorting
OK   v0.64.2 notifications prevent duplicate interaction
OK   v0.64.2 creator tools expose active entitlements
OK   v0.64.2 control mutations are guarded
OK   v0.64.2 fixed header + stable native controls
OK   Migration 100002 memecoin polish v0.64.4 present
OK   v0.64.4 launch seed is excluded from public market stats
OK   v0.64.4 coin page is one-screen on mobile
OK   v0.64.4 memecoin metrics moved out of main flow
OK   v0.64.4 launch bootstrap is hidden from feed/history
OK   v0.64.4 chart has compact small-price formatting
OK   v0.64.5 dashboard is actionable
OK   v0.64.5 gift details keep secondary market data collapsible
OK   v0.64.5 market restores explicit deep links safely
OK   v0.64.5 portfolio sorting persists
OK   v0.64.5 case result has rarity-aware feedback
OK   v0.64.5 memecoin high-impact trade needs confirmation
OK   v0.64.5 task claim-all is server batched
OK   v0.64.5 notifications de-duplicate exact rows
OK   v0.64.5 Telegram warmup adapts to weak devices
OK   v0.64.5 Telegram keyboard avoids bottom-nav overlap
OK   v0.64.5 shell renders equipped frames consistently
OK   v0.64.5 dashboard coin query uses compact payload
OK   v0.64.5 portfolio has compact market handoff
OK   v0.64.5 control audit records before/after
OK   v0.64.5 one-command verifier present
OK   v0.64.6 Telegram protocol methods are version-gated
OK   v0.64.6 Stars invoice is version-gated
OK   v0.64.6 Control validates payload before POST
OK   v0.64.6 Control server separates validation from runtime failures
OK   v0.64.7 economy input is normalized centrally
OK   v0.64.7 AMM preview uses configured fee
OK   v0.64.7 memecoin trade boundaries are hardened
OK   v0.64.7 gift market paging adapts to constrained networks
OK   v0.64.7 stale gift purchase conflicts refresh authoritatively
OK   v0.64.7 gift details expose compact market handoff
OK   v0.64.7 portfolio first payload is bounded and searchable
OK   v0.64.7 case reel is rarity paced and series-aware
OK   v0.64.7 battle pass refreshes global wallet after claims
OK   v0.64.7 profile hierarchy keeps identity private and dense
OK   v0.64.7 frames degrade cleanly on constrained devices
OK   v0.64.7 progression refresh is de-bounced and notices self-clear
OK   v0.64.7 leaderboard handles tied podium ranks without duplicate rows
OK   v0.64.7 notifications de-duplicate before badge count
OK   v0.64.7 store CTA surfaces owned/unavailable state
OK   v0.64.7 creator analytics stays quiet for pristine markets
OK   v0.64.7 control caps economy mutations on client and server
OK   v0.64.7 Telegram/mobile performance mode is surfaced to CSS
OK   v0.64.9 UI primitives are unified
OK   v0.64.9 motion respects constrained and reduced-motion clients
OK   v0.64.9 Gift Market uses adaptive page sizing
OK   v0.64.9 Gift detail prioritizes trading
OK   v0.64.9 memecoin chart waits for real market history
OK   v0.64.9 portfolio supports adaptive rendering and quick sell
OK   v0.64.9 battle pass has focused track and live success state
OK   v0.64.9 cases reduce roulette work on constrained devices
OK   v0.64.9 profile keeps secondary metrics collapsed
OK   v0.64.9 frames simplify small and constrained renders
OK   v0.64.9 progression feedback is live and compact
OK   v0.64.9 leaderboard rows use consistent interaction styling
OK   v0.64.9 notifications group by day
OK   v0.64.9 store keeps unavailable CTA short with reason nearby
OK   v0.64.9 control surfaces schema health
OK   v0.64.9 Telegram feature matrix gates protocol calls
OK   v0.64.9 Telegram links use the compatibility helper
OK   v0.64.9 API contract auditor is part of verify
OK   v0.64.9 schema health RPC and fallback probes exist
OK   v0.64.9 realtime has bounded polling fallback
OK   v0.64.9 request observability is correlated
OK   v0.64.3 market has removable active filters
OK   v0.64.3 gift and coin trade panels are visually unified
OK   v0.64.3 cases keep authoritative roulette with quieter stage
OK   v0.64.3 battle pass XP sources are compact chips
OK   v0.64.3 tasks keep copy compact
OK   v0.64.3 notifications clamp long bodies
OK   v0.64.3 creator dashboard is compact
OK   v0.64.3 control audit payloads are collapsed
OK   v0.64.3 production error UI hides raw backend details
OK   v0.64.3 long grids use content visibility
OK   v0.64.3 frames keep shaped silhouettes
OK   v0.64.3 gift listing after-task resolves void
OK   pnpm package manager pinned
OK   v0.63 expanded store catalogue
OK   v0.63 real profile-frame renderer
OK   v0.63 battle pass has claim-all
OK   v0.63 Stars CTA is not consent-disabled
OK   v0.63 abandoned pending Stars invoices expire
OK   v0.63 route titles cover commerce screens
OK   v0.63 case stock is live
OK   Runtime config schema
OK   Maintenance mode + feature flags
OK   Advanced Gift offers
OK   Conditional memecoin orders
OK   Command palette
OK   Player market collection cards use Russian product copy
OK   Task cards use responsive SVG-only actions
OK   Public UI debug overlay is disabled in production
OK   Admin Economy & Risk
OK   Admin Health Center
OK   Error Inbox infrastructure
OK   Environment template present
OK   Human support username documented
OK   Payment support never falls back to the bot
OK   No local .env.local tracked
OK   No local control secret tracked
OK   Games removed from public API
OK   Games removed from navigation
OK   Games disabled in DB
OK   Old market side dashboard removed
OK   One robust Gift filter drawer
OK   Misleading 25M launch copy removed
OK   Current launch economics
OK   Coin launch waits for economy migration
OK   Coin create has no post-RPC visibility mutation
OK   Advertising routes, helpers, pages and setup docs removed
OK   No live advertising code or configuration references
OK   Tasks contain missions only
OK   Runtime advertising flags removed
OK   Advertising environment variables removed
OK   Advertising notification preference removed
OK   Advertising package script removed
OK   Migration 028 drops advertising data paths
OK   Virtual TON disclosure is visible
OK   Telegram Stars invoice endpoint
OK   Telegram channel subscription task is server-verified
OK   Telegram Stars webhook verifier
OK   Stars reservation cleanup has a visible-store entry point
OK   Referral graph + idempotent rewards
OK   Full-market filter dictionary
OK   Catalogue-wide indexed market paging
OK   NPC liquidity has irreversible player-only handoff
OK   Player-only market filters stale system listings
OK   MRKT-style collections + activity feed are real-data backed
OK   Collection preview basket uses validated bulk cart
OK   Admin can tune thresholds or force irreversible handoff
OK   Paid Coin Boost is visible in New Coins
OK   Referral link auth binding
OK   Promo codes
OK   PnL uses realized trading PnL
OK   Economy audit ledger
OK   AMM trade fee sink is audited
OK   Admin economy update excludes retired settings
OK   Admin overview uses bounded lists + DB aggregates
OK   Admin growth, turnover and top-list metrics are bounded and surfaced
OK   Admin expensive actions have dedicated limits
OK   Admin Stars refund is paid-only and marks after Bot API success
OK   Refund reconciliation queue is surfaced and audited
OK   Gift market fee treasury
OK   Telegram Gift download timeout
OK   Telegram Gift file-size bound
OK   TGS decompression bound
OK   Binary media response bodies use exact ArrayBuffer bodies
OK   Remote Gift media bodies are bounded before buffering
OK   Supabase TS2589 guard on large dynamic market queries
OK   Gift resolver present
OK   TonAPI resilient client present
OK   Market health endpoint present
OK   Atomic single-Gift purchase RPC present
OK   Atomic cart purchase RPC present
OK   Fast session snapshot RPC
OK   Public env does not expose service role
OK   No probable literal secrets in artifact

NOTES
- Dependency-backed TypeScript/ESLint intentionally skipped by static verification.
- TONAPI_KEY не задан в shell: каталог перейдёт на публичный rate limit TonAPI.
- Supabase env не загружен в этой shell-сессии; проверьте production env перед deploy.
- TELEGRAM_BOT_TOKEN не загружен в этой shell-сессии.
- npm audit требует доступ к registry.npmjs.org; если CI имеет сеть, запустите npm audit --omit=dev отдельно.

STATIC RELEASE CHECK PASSED
OK   Release product/security gate — exit 0

VERIFY PASSED
